// Jest Snapshot v1, https://goo.gl/fbAQLP

exports[`selectively.Type Array 1`] = `Array []`;

exports[`selectively.Type Array 2`] = `
Array [
  Object {
    "value": ":",
  },
]
`;

exports[`selectively.Type Boolean 1`] = `
Boolean {
  "class": "boolean",
}
`;

exports[`selectively.Type Boolean 2`] = `Array []`;

exports[`selectively.Type Boolean 3`] = `
Array [
  Object {
    "value": ":",
  },
]
`;

exports[`selectively.Type Object 1`] = `
TObject {
  "class": "object",
  "completions": Array [
    Object {
      "value": "name",
    },
  ],
  "properties": Object {
    "name": String {
      "class": "string",
      "input": undefined,
    },
  },
}
`;

exports[`selectively.Type Tokenizer 1`] = `
Array [
  Object {
    "value": "object",
  },
  Object {
    "value": ".",
  },
  Object {
    "value": "has",
  },
  Object {
    "value": "(",
  },
  Object {
    "value": ")",
  },
]
`;

exports[`selectively.Type Tokenizer 2`] = `Array []`;
